Archive member included to satisfy reference by file (symbol)

C:\Users\andreas\Documents\LPCXpresso_8.2.2_650\workspace\CMSIS_CORE_LPC11xx\Debug\libCMSIS_CORE_LPC11xx.a(system_LPC11xx.o)
                              ./src/cr_startup_lpc11xx.o (SystemInit)
c:/data/dev/lpcxpresso_8.2.2_650/lpcxpresso/tools/bin/../lib/gcc/arm-none-eabi/5.4.1/armv6-m\libgcc.a(_udivsi3.o)
                              C:\Users\andreas\Documents\LPCXpresso_8.2.2_650\workspace\CMSIS_CORE_LPC11xx\Debug\libCMSIS_CORE_LPC11xx.a(system_LPC11xx.o) (__aeabi_uidiv)
c:/data/dev/lpcxpresso_8.2.2_650/lpcxpresso/tools/bin/../lib/gcc/arm-none-eabi/5.4.1/armv6-m\libgcc.a(_dvmd_tls.o)
                              c:/data/dev/lpcxpresso_8.2.2_650/lpcxpresso/tools/bin/../lib/gcc/arm-none-eabi/5.4.1/armv6-m\libgcc.a(_udivsi3.o) (__aeabi_idiv0)
c:/data/dev/lpcxpresso_8.2.2_650/lpcxpresso/tools/bin/../lib/gcc/arm-none-eabi/5.4.1/../../../../arm-none-eabi/lib/armv6-m\libc_nano.a(lib_a-fflush.o)
                              ./src/main.o (fflush)
c:/data/dev/lpcxpresso_8.2.2_650/lpcxpresso/tools/bin/../lib/gcc/arm-none-eabi/5.4.1/../../../../arm-none-eabi/lib/armv6-m\libc_nano.a(lib_a-findfp.o)
                              c:/data/dev/lpcxpresso_8.2.2_650/lpcxpresso/tools/bin/../lib/gcc/arm-none-eabi/5.4.1/../../../../arm-none-eabi/lib/armv6-m\libc_nano.a(lib_a-fflush.o) (__sinit)
c:/data/dev/lpcxpresso_8.2.2_650/lpcxpresso/tools/bin/../lib/gcc/arm-none-eabi/5.4.1/../../../../arm-none-eabi/lib/armv6-m\libc_nano.a(lib_a-fwalk.o)
                              c:/data/dev/lpcxpresso_8.2.2_650/lpcxpresso/tools/bin/../lib/gcc/arm-none-eabi/5.4.1/../../../../arm-none-eabi/lib/armv6-m\libc_nano.a(lib_a-findfp.o) (_fwalk)
c:/data/dev/lpcxpresso_8.2.2_650/lpcxpresso/tools/bin/../lib/gcc/arm-none-eabi/5.4.1/../../../../arm-none-eabi/lib/armv6-m\libc_nano.a(lib_a-impure.o)
                              c:/data/dev/lpcxpresso_8.2.2_650/lpcxpresso/tools/bin/../lib/gcc/arm-none-eabi/5.4.1/../../../../arm-none-eabi/lib/armv6-m\libc_nano.a(lib_a-fflush.o) (_global_impure_ptr)
c:/data/dev/lpcxpresso_8.2.2_650/lpcxpresso/tools/bin/../lib/gcc/arm-none-eabi/5.4.1/../../../../arm-none-eabi/lib/armv6-m\libc_nano.a(lib_a-memset.o)
                              c:/data/dev/lpcxpresso_8.2.2_650/lpcxpresso/tools/bin/../lib/gcc/arm-none-eabi/5.4.1/../../../../arm-none-eabi/lib/armv6-m\libc_nano.a(lib_a-findfp.o) (memset)
c:/data/dev/lpcxpresso_8.2.2_650/lpcxpresso/tools/bin/../lib/gcc/arm-none-eabi/5.4.1/../../../../arm-none-eabi/lib/armv6-m\libc_nano.a(lib_a-nano-freer.o)
                              c:/data/dev/lpcxpresso_8.2.2_650/lpcxpresso/tools/bin/../lib/gcc/arm-none-eabi/5.4.1/../../../../arm-none-eabi/lib/armv6-m\libc_nano.a(lib_a-fflush.o) (_free_r)
c:/data/dev/lpcxpresso_8.2.2_650/lpcxpresso/tools/bin/../lib/gcc/arm-none-eabi/5.4.1/../../../../arm-none-eabi/lib/armv6-m\libc_nano.a(lib_a-nano-mallocr.o)
                              c:/data/dev/lpcxpresso_8.2.2_650/lpcxpresso/tools/bin/../lib/gcc/arm-none-eabi/5.4.1/../../../../arm-none-eabi/lib/armv6-m\libc_nano.a(lib_a-findfp.o) (_malloc_r)
c:/data/dev/lpcxpresso_8.2.2_650/lpcxpresso/tools/bin/../lib/gcc/arm-none-eabi/5.4.1/../../../../arm-none-eabi/lib/armv6-m\libc_nano.a(lib_a-printf.o)
                              ./src/main.o (printf)
c:/data/dev/lpcxpresso_8.2.2_650/lpcxpresso/tools/bin/../lib/gcc/arm-none-eabi/5.4.1/../../../../arm-none-eabi/lib/armv6-m\libc_nano.a(lib_a-sbrkr.o)
                              c:/data/dev/lpcxpresso_8.2.2_650/lpcxpresso/tools/bin/../lib/gcc/arm-none-eabi/5.4.1/../../../../arm-none-eabi/lib/armv6-m\libc_nano.a(lib_a-nano-mallocr.o) (_sbrk_r)
c:/data/dev/lpcxpresso_8.2.2_650/lpcxpresso/tools/bin/../lib/gcc/arm-none-eabi/5.4.1/../../../../arm-none-eabi/lib/armv6-m\libc_nano.a(lib_a-scanf.o)
                              ./src/main.o (scanf)
c:/data/dev/lpcxpresso_8.2.2_650/lpcxpresso/tools/bin/../lib/gcc/arm-none-eabi/5.4.1/../../../../arm-none-eabi/lib/armv6-m\libc_nano.a(lib_a-stdio.o)
                              c:/data/dev/lpcxpresso_8.2.2_650/lpcxpresso/tools/bin/../lib/gcc/arm-none-eabi/5.4.1/../../../../arm-none-eabi/lib/armv6-m\libc_nano.a(lib_a-findfp.o) (__sread)
c:/data/dev/lpcxpresso_8.2.2_650/lpcxpresso/tools/bin/../lib/gcc/arm-none-eabi/5.4.1/../../../../arm-none-eabi/lib/armv6-m\libc_nano.a(lib_a-writer.o)
                              c:/data/dev/lpcxpresso_8.2.2_650/lpcxpresso/tools/bin/../lib/gcc/arm-none-eabi/5.4.1/../../../../arm-none-eabi/lib/armv6-m\libc_nano.a(lib_a-stdio.o) (_write_r)
c:/data/dev/lpcxpresso_8.2.2_650/lpcxpresso/tools/bin/../lib/gcc/arm-none-eabi/5.4.1/../../../../arm-none-eabi/lib/armv6-m\libc_nano.a(lib_a-closer.o)
                              c:/data/dev/lpcxpresso_8.2.2_650/lpcxpresso/tools/bin/../lib/gcc/arm-none-eabi/5.4.1/../../../../arm-none-eabi/lib/armv6-m\libc_nano.a(lib_a-stdio.o) (_close_r)
[...]
Memory Configuration

Name             Origin             Length             Attributes
MFlash32         0x00000000         0x00008000         xr
RamLoc8          0x10000000         0x00002000         xrw
*default*        0x00000000         0xffffffff

Linker script and memory map

LOAD ./src/dev/hw.o
LOAD ./src/dev/motor.o
LOAD ./src/dev/uart.o
LOAD ./src/dev/ui.o
LOAD ./src/cr_startup_lpc11xx.o
LOAD ./src/crp.o
LOAD ./src/main.o
LOAD C:\Users\andreas\Documents\LPCXpresso_8.2.2_650\workspace\CMSIS_CORE_LPC11xx\Debug\libCMSIS_CORE_LPC11xx.a
START GROUP
LOAD c:/data/dev/lpcxpresso_8.2.2_650/lpcxpresso/tools/bin/../lib/gcc/arm-none-eabi/5.4.1/armv6-m\libgcc.a
LOAD c:/data/dev/lpcxpresso_8.2.2_650/lpcxpresso/tools/bin/../lib/gcc/arm-none-eabi/5.4.1/../../../../arm-none-eabi/lib/armv6-m\libc_nano.a
LOAD c:/data/dev/lpcxpresso_8.2.2_650/lpcxpresso/tools/bin/../lib/gcc/arm-none-eabi/5.4.1/../../../../arm-none-eabi/lib/armv6-m\libm.a
LOAD c:/data/dev/lpcxpresso_8.2.2_650/lpcxpresso/tools/bin/../lib/gcc/arm-none-eabi/5.4.1/../../../../arm-none-eabi/lib/armv6-m\libcr_newlib_nohost.a
END GROUP
                0x00000000                __base_MFlash32 = 0x0
                0x00000000                __base_Flash = 0x0
                0x00008000                __top_MFlash32 = 0x8000
                0x00008000                __top_Flash = 0x8000
                0x10000000                __base_RamLoc8 = 0x10000000
                0x10000000                __base_RAM = 0x10000000
                0x10002000                __top_RamLoc8 = 0x10002000
                0x10002000                __top_RAM = 0x10002000

.text           0x00000000     0x2804
 FILL mask 0xff
                0x00000000                __vectors_start__ = ABSOLUTE (.)
 *(.isr_vector)
 .isr_vector    0x00000000       0xc0 ./src/cr_startup_lpc11xx.o
                0x00000000                g_pfnVectors
                0x000000c0                . = ALIGN (0x4)
                0x000000c0                __section_table_start = .
                0x000000c0                __data_section_table = .
                0x000000c0        0x4 LONG 0x2804 LOADADDR (.data)
                0x000000c4        0x4 LONG 0x10000000 ADDR (.data)
                0x000000c8        0x4 LONG 0x68 SIZEOF (.data)
                0x000000cc                __data_section_table_end = .
                0x000000cc                __bss_section_table = .
                0x000000cc        0x4 LONG 0x10000068 ADDR (.bss)
                0x000000d0        0x4 LONG 0x10 SIZEOF (.bss)
                0x000000d4                __bss_section_table_end = .
                0x000000d4                __section_table_end = .
 *(.after_vectors*)
 .after_vectors
                0x000000d4      0x124 ./src/cr_startup_lpc11xx.o
                0x000000d4                data_init
                0x00000114                bss_init
                0x00000148                ResetISR
                0x000001c8                NMI_Handler
                0x000001d0                HardFault_Handler
                0x000001d8                SVC_Handler
                0x000001e0                PendSV_Handler
                0x000001e8                SysTick_Handler
                0x000001f0                TIMER32_1_IRQHandler
                0x000001f0                IntDefaultHandler
                0x000001f0                PIOINT1_IRQHandler
                0x000001f0                CAN_IRQHandler
                0x000001f0                TIMER32_0_IRQHandler
                0x000001f0                UART_IRQHandler
                0x000001f0                TIMER16_1_IRQHandler
                0x000001f0                ADC_IRQHandler
                0x000001f0                SSP1_IRQHandler
                0x000001f0                PIOINT2_IRQHandler
                0x000001f0                BOD_IRQHandler
                0x000001f0                WAKEUP_IRQHandler
                0x000001f0                PIOINT0_IRQHandler
                0x000001f0                I2C_IRQHandler
                0x000001f0                WDT_IRQHandler
                0x000001f0                TIMER16_0_IRQHandler
                0x000001f0                SSP0_IRQHandler
                0x000001f0                PIOINT3_IRQHandler
 *(.text*)
 .text.hw_clock_init
                0x000001f8       0xbc ./src/dev/hw.o
                0x000001f8                hw_clock_init
 .text.hw_gpio_init
                0x000002b4       0x20 ./src/dev/hw.o
                0x000002b4                hw_gpio_init
 .text.getGPIO  0x000002d4       0x4c ./src/dev/hw.o
 .text.hw_gpio_set
                0x00000320       0x30 ./src/dev/hw.o
                0x00000320                hw_gpio_set
 .text.hw_gpio_get
                0x00000350       0x34 ./src/dev/hw.o
                0x00000350                hw_gpio_get
 .text.hw_gpio_set_dir
                0x00000384       0x60 ./src/dev/hw.o
                0x00000384                hw_gpio_set_dir
 .text.motor_init
                0x000003e4       0xb8 ./src/dev/motor.o
                0x000003e4                motor_init
 .text.motor_get_status
                0x0000049c       0x1c ./src/dev/motor.o
                0x0000049c                motor_get_status
 .text.motor_set
                0x000004b8       0xac ./src/dev/motor.o
                0x000004b8                motor_set
 .text.uart_init
                0x00000564       0x98 ./src/dev/uart.o
                0x00000564                uart_init
 .text.uart_write
                0x000005fc       0x2c ./src/dev/uart.o
                0x000005fc                uart_write
 .text.uart_read
                0x00000628       0x20 ./src/dev/uart.o
                0x00000628                uart_read
 .text._write   0x00000648       0x44 ./src/dev/uart.o
                0x00000648                _write
 .text._read    0x0000068c       0x60 ./src/dev/uart.o
                0x0000068c                _read
 .text.ui_set_led
                0x000006ec       0x50 ./src/dev/ui.o
                0x000006ec                ui_set_led
 .text.ui_init  0x0000073c       0x6c ./src/dev/ui.o
                0x0000073c                ui_init
 .text.main     0x000007a8      0x114 ./src/main.o
                0x000007a8                main
 .text.SystemInit
                0x000008bc       0x94 C:\Users\andreas\Documents\LPCXpresso_8.2.2_650\workspace\CMSIS_CORE_LPC11xx\Debug\libCMSIS_CORE_LPC11xx.a(system_LPC11xx.o)
                0x000008bc                SystemInit
 .text          0x00000950      0x114 c:/data/dev/lpcxpresso_8.2.2_650/lpcxpresso/tools/bin/../lib/gcc/arm-none-eabi/5.4.1/armv6-m\libgcc.a(_udivsi3.o)
                0x00000950                __aeabi_uidiv
                0x00000950                __udivsi3
                0x00000a5c                __aeabi_uidivmod
 .text          0x00000a64        0x4 c:/data/dev/lpcxpresso_8.2.2_650/lpcxpresso/tools/bin/../lib/gcc/arm-none-eabi/5.4.1/armv6-m\libgcc.a(_dvmd_tls.o)
                0x00000a64                __aeabi_idiv0
                0x00000a64                __aeabi_ldiv0
 .text.__sflush_r
                0x00000a68      0x10c c:/data/dev/lpcxpresso_8.2.2_650/lpcxpresso/tools/bin/../lib/gcc/arm-none-eabi/5.4.1/../../../../arm-none-eabi/lib/armv6-m\libc_nano.a(lib_a-fflush.o)
                0x00000a68                __sflush_r
 .text._fflush_r
                0x00000b74       0x58 c:/data/dev/lpcxpresso_8.2.2_650/lpcxpresso/tools/bin/../lib/gcc/arm-none-eabi/5.4.1/../../../../arm-none-eabi/lib/armv6-m\libc_nano.a(lib_a-fflush.o)
                0x00000b74                _fflush_r
 .text.fflush   0x00000bcc       0x28 c:/data/dev/lpcxpresso_8.2.2_650/lpcxpresso/tools/bin/../lib/gcc/arm-none-eabi/5.4.1/../../../../arm-none-eabi/lib/armv6-m\libc_nano.a(lib_a-fflush.o)
                0x00000bcc                fflush
 .text._cleanup_r
                0x00000bf4       0x10 c:/data/dev/lpcxpresso_8.2.2_650/lpcxpresso/tools/bin/../lib/gcc/arm-none-eabi/5.4.1/../../../../arm-none-eabi/lib/armv6-m\libc_nano.a(lib_a-findfp.o)
                0x00000bf4                _cleanup_r
 .text.std.isra.0
                0x00000c04       0x48 c:/data/dev/lpcxpresso_8.2.2_650/lpcxpresso/tools/bin/../lib/gcc/arm-none-eabi/5.4.1/../../../../arm-none-eabi/lib/armv6-m\libc_nano.a(lib_a-findfp.o)
 .text.__sfmoreglue
                0x00000c4c       0x2c c:/data/dev/lpcxpresso_8.2.2_650/lpcxpresso/tools/bin/../lib/gcc/arm-none-eabi/5.4.1/../../../../arm-none-eabi/lib/armv6-m\libc_nano.a(lib_a-findfp.o)
                0x00000c4c                __sfmoreglue
 .text.__sinit  0x00000c78       0x68 c:/data/dev/lpcxpresso_8.2.2_650/lpcxpresso/tools/bin/../lib/gcc/arm-none-eabi/5.4.1/../../../../arm-none-eabi/lib/armv6-m\libc_nano.a(lib_a-findfp.o)
                0x00000c78                __sinit
 .text.__sfp    0x00000ce0       0x7c c:/data/dev/lpcxpresso_8.2.2_650/lpcxpresso/tools/bin/../lib/gcc/arm-none-eabi/5.4.1/../../../../arm-none-eabi/lib/armv6-m\libc_nano.a(lib_a-findfp.o)
                0x00000ce0                __sfp
 .text._fwalk   0x00000d5c       0x38 c:/data/dev/lpcxpresso_8.2.2_650/lpcxpresso/tools/bin/../lib/gcc/arm-none-eabi/5.4.1/../../../../arm-none-eabi/lib/armv6-m\libc_nano.a(lib_a-fwalk.o)
                0x00000d5c                _fwalk
 .text._fwalk_reent
                0x00000d94       0x42 c:/data/dev/lpcxpresso_8.2.2_650/lpcxpresso/tools/bin/../lib/gcc/arm-none-eabi/5.4.1/../../../../arm-none-eabi/lib/armv6-m\libc_nano.a(lib_a-fwalk.o)
                0x00000d94                _fwalk_reent
 .text.memset   0x00000dd6       0x10 c:/data/dev/lpcxpresso_8.2.2_650/lpcxpresso/tools/bin/../lib/gcc/arm-none-eabi/5.4.1/../../../../arm-none-eabi/lib/armv6-m\libc_nano.a(lib_a-memset.o)
                0x00000dd6                memset
 *fill*         0x00000de6        0x2 ff
 .text._free_r  0x00000de8       0x98 c:/data/dev/lpcxpresso_8.2.2_650/lpcxpresso/tools/bin/../lib/gcc/arm-none-eabi/5.4.1/../../../../arm-none-eabi/lib/armv6-m\libc_nano.a(lib_a-nano-freer.o)
                0x00000de8                _free_r
 .text._malloc_r
                0x00000e80       0xc0 c:/data/dev/lpcxpresso_8.2.2_650/lpcxpresso/tools/bin/../lib/gcc/arm-none-eabi/5.4.1/../../../../arm-none-eabi/lib/armv6-m\libc_nano.a(lib_a-nano-mallocr.o)
                0x00000e80                _malloc_r
 .text.printf   0x00000f40       0x34 c:/data/dev/lpcxpresso_8.2.2_650/lpcxpresso/tools/bin/../lib/gcc/arm-none-eabi/5.4.1/../../../../arm-none-eabi/lib/armv6-m\libc_nano.a(lib_a-printf.o)
                0x00000f40                iprintf
                0x00000f40                printf
 .text._sbrk_r  0x00000f74       0x24 c:/data/dev/lpcxpresso_8.2.2_650/lpcxpresso/tools/bin/../lib/gcc/arm-none-eabi/5.4.1/../../../../arm-none-eabi/lib/armv6-m\libc_nano.a(lib_a-sbrkr.o)
                0x00000f74                _sbrk_r
 .text.scanf    0x00000f98       0x34 c:/data/dev/lpcxpresso_8.2.2_650/lpcxpresso/tools/bin/../lib/gcc/arm-none-eabi/5.4.1/../../../../arm-none-eabi/lib/armv6-m\libc_nano.a(lib_a-scanf.o)
                0x00000f98                scanf
                0x00000f98                iscanf
 .text.__sread  0x00000fcc       0x28 c:/data/dev/lpcxpresso_8.2.2_650/lpcxpresso/tools/bin/../lib/gcc/arm-none-eabi/5.4.1/../../../../arm-none-eabi/lib/armv6-m\libc_nano.a(lib_a-stdio.o)
                0x00000fcc                __sread
 .text.__swrite
                0x00000ff4       0x38 c:/data/dev/lpcxpresso_8.2.2_650/lpcxpresso/tools/bin/../lib/gcc/arm-none-eabi/5.4.1/../../../../arm-none-eabi/lib/armv6-m\libc_nano.a(lib_a-stdio.o)
                0x00000ff4                __swrite
 .text.__sseek  0x0000102c       0x2c c:/data/dev/lpcxpresso_8.2.2_650/lpcxpresso/tools/bin/../lib/gcc/arm-none-eabi/5.4.1/../../../../arm-none-eabi/lib/armv6-m\libc_nano.a(lib_a-stdio.o)
                0x0000102c                __sseek
 .text.__sclose
                0x00001058        0xc c:/data/dev/lpcxpresso_8.2.2_650/lpcxpresso/tools/bin/../lib/gcc/arm-none-eabi/5.4.1/../../../../arm-none-eabi/lib/armv6-m\libc_nano.a(lib_a-stdio.o)
                0x00001058                __sclose
 .text._write_r
                0x00001064       0x28 c:/data/dev/lpcxpresso_8.2.2_650/lpcxpresso/tools/bin/../lib/gcc/arm-none-eabi/5.4.1/../../../../arm-none-eabi/lib/armv6-m\libc_nano.a(lib_a-writer.o)
                0x00001064                _write_r
 .text._close_r
                0x0000108c       0x24 c:/data/dev/lpcxpresso_8.2.2_650/lpcxpresso/tools/bin/../lib/gcc/arm-none-eabi/5.4.1/../../../../arm-none-eabi/lib/armv6-m\libc_nano.a(lib_a-closer.o)
                0x0000108c                _close_r
 .text._lseek_r
                0x000010b0       0x28 c:/data/dev/lpcxpresso_8.2.2_650/lpcxpresso/tools/bin/../lib/gcc/arm-none-eabi/5.4.1/../../../../arm-none-eabi/lib/armv6-m\libc_nano.a(lib_a-lseekr.o)
                0x000010b0                _lseek_r
 .text.__malloc_lock
                0x000010d8        0x2 c:/data/dev/lpcxpresso_8.2.2_650/lpcxpresso/tools/bin/../lib/gcc/arm-none-eabi/5.4.1/../../../../arm-none-eabi/lib/armv6-m\libc_nano.a(lib_a-mlock.o)
                0x000010d8                __malloc_lock
 .text.__malloc_unlock
                0x000010da        0x2 c:/data/dev/lpcxpresso_8.2.2_650/lpcxpresso/tools/bin/../lib/gcc/arm-none-eabi/5.4.1/../../../../arm-none-eabi/lib/armv6-m\libc_nano.a(lib_a-mlock.o)
                0x000010da                __malloc_unlock
 .text.__sfputc_r
                0x000010dc       0x2a c:/data/dev/lpcxpresso_8.2.2_650/lpcxpresso/tools/bin/../lib/gcc/arm-none-eabi/5.4.1/../../../../arm-none-eabi/lib/armv6-m\libc_nano.a(lib_a-nano-vfprintf.o)
 .text.__sfputs_r
                0x00001106       0x24 c:/data/dev/lpcxpresso_8.2.2_650/lpcxpresso/tools/bin/../lib/gcc/arm-none-eabi/5.4.1/../../../../arm-none-eabi/lib/armv6-m\libc_nano.a(lib_a-nano-vfprintf.o)
                0x00001106                __sfputs_r
 *fill*         0x0000112a        0x2 ff
 .text._vfprintf_r
                0x0000112c      0x238 c:/data/dev/lpcxpresso_8.2.2_650/lpcxpresso/tools/bin/../lib/gcc/arm-none-eabi/5.4.1/../../../../arm-none-eabi/lib/armv6-m\libc_nano.a(lib_a-nano-vfprintf.o)
                0x0000112c                _vfprintf_r
                0x0000112c                _vfiprintf_r
 .text._printf_common
                0x00001364       0xdc c:/data/dev/lpcxpresso_8.2.2_650/lpcxpresso/tools/bin/../lib/gcc/arm-none-eabi/5.4.1/../../../../arm-none-eabi/lib/armv6-m\libc_nano.a(lib_a-nano-vfprintf_i.o)
                0x00001364                _printf_common
 .text._printf_i
                0x00001440      0x244 c:/data/dev/lpcxpresso_8.2.2_650/lpcxpresso/tools/bin/../lib/gcc/arm-none-eabi/5.4.1/../../../../arm-none-eabi/lib/armv6-m\libc_nano.a(lib_a-nano-vfprintf_i.o)
                0x00001440                _printf_i
 .text.__svfscanf_r
                0x00001684      0x2fc c:/data/dev/lpcxpresso_8.2.2_650/lpcxpresso/tools/bin/../lib/gcc/arm-none-eabi/5.4.1/../../../../arm-none-eabi/lib/armv6-m\libc_nano.a(lib_a-nano-vfscanf.o)
                0x00001684                __svfscanf_r
                0x00001684                __svfiscanf_r
 .text._vfscanf_r
                0x00001980       0x50 c:/data/dev/lpcxpresso_8.2.2_650/lpcxpresso/tools/bin/../lib/gcc/arm-none-eabi/5.4.1/../../../../arm-none-eabi/lib/armv6-m\libc_nano.a(lib_a-nano-vfscanf.o)
                0x00001980                _vfscanf_r
                0x00001980                _vfiscanf_r
 .text._scanf_chars
                0x000019d0       0xc4 c:/data/dev/lpcxpresso_8.2.2_650/lpcxpresso/tools/bin/../lib/gcc/arm-none-eabi/5.4.1/../../../../arm-none-eabi/lib/armv6-m\libc_nano.a(lib_a-nano-vfscanf_i.o)
                0x000019d0                _scanf_chars
 .text._scanf_i
                0x00001a94      0x200 c:/data/dev/lpcxpresso_8.2.2_650/lpcxpresso/tools/bin/../lib/gcc/arm-none-eabi/5.4.1/../../../../arm-none-eabi/lib/armv6-m\libc_nano.a(lib_a-nano-vfscanf_i.o)
                0x00001a94                _scanf_i
 .text._read_r  0x00001c94       0x28 c:/data/dev/lpcxpresso_8.2.2_650/lpcxpresso/tools/bin/../lib/gcc/arm-none-eabi/5.4.1/../../../../arm-none-eabi/lib/armv6-m\libc_nano.a(lib_a-readr.o)
                0x00001c94                _read_r
 .text.lflush   0x00001cbc       0x18 c:/data/dev/lpcxpresso_8.2.2_650/lpcxpresso/tools/bin/../lib/gcc/arm-none-eabi/5.4.1/../../../../arm-none-eabi/lib/armv6-m\libc_nano.a(lib_a-refill.o)
 .text.__srefill_r
                0x00001cd4      0x124 c:/data/dev/lpcxpresso_8.2.2_650/lpcxpresso/tools/bin/../lib/gcc/arm-none-eabi/5.4.1/../../../../arm-none-eabi/lib/armv6-m\libc_nano.a(lib_a-refill.o)
                0x00001cd4                __srefill_r
 .text.__sccl   0x00001df8       0x64 c:/data/dev/lpcxpresso_8.2.2_650/lpcxpresso/tools/bin/../lib/gcc/arm-none-eabi/5.4.1/../../../../arm-none-eabi/lib/armv6-m\libc_nano.a(lib_a-sccl.o)
                0x00001df8                __sccl
 .text._strtol_r
                0x00001e5c      0x124 c:/data/dev/lpcxpresso_8.2.2_650/lpcxpresso/tools/bin/../lib/gcc/arm-none-eabi/5.4.1/../../../../arm-none-eabi/lib/armv6-m\libc_nano.a(lib_a-strtol.o)
                0x00001e5c                _strtol_r
 .text._strtoul_r
                0x00001f80      0x108 c:/data/dev/lpcxpresso_8.2.2_650/lpcxpresso/tools/bin/../lib/gcc/arm-none-eabi/5.4.1/../../../../arm-none-eabi/lib/armv6-m\libc_nano.a(lib_a-strtoul.o)
                0x00001f80                _strtoul_r
 .text.__submore
                0x00002088       0x7c c:/data/dev/lpcxpresso_8.2.2_650/lpcxpresso/tools/bin/../lib/gcc/arm-none-eabi/5.4.1/../../../../arm-none-eabi/lib/armv6-m\libc_nano.a(lib_a-ungetc.o)
                0x00002088                __submore
 .text._ungetc_r
                0x00002104       0xe4 c:/data/dev/lpcxpresso_8.2.2_650/lpcxpresso/tools/bin/../lib/gcc/arm-none-eabi/5.4.1/../../../../arm-none-eabi/lib/armv6-m\libc_nano.a(lib_a-ungetc.o)
                0x00002104                _ungetc_r
 .text.__swbuf_r
                0x000021e8       0xb0 c:/data/dev/lpcxpresso_8.2.2_650/lpcxpresso/tools/bin/../lib/gcc/arm-none-eabi/5.4.1/../../../../arm-none-eabi/lib/armv6-m\libc_nano.a(lib_a-wbuf.o)
                0x000021e8                __swbuf_r
 .text.__swsetup_r
                0x00002298       0xec c:/data/dev/lpcxpresso_8.2.2_650/lpcxpresso/tools/bin/../lib/gcc/arm-none-eabi/5.4.1/../../../../arm-none-eabi/lib/armv6-m\libc_nano.a(lib_a-wsetup.o)
                0x00002298                __swsetup_r
 .text.__swhatbuf_r
                0x00002384       0x4c c:/data/dev/lpcxpresso_8.2.2_650/lpcxpresso/tools/bin/../lib/gcc/arm-none-eabi/5.4.1/../../../../arm-none-eabi/lib/armv6-m\libc_nano.a(lib_a-makebuf.o)
                0x00002384                __swhatbuf_r
 .text.__smakebuf_r
                0x000023d0       0x7c c:/data/dev/lpcxpresso_8.2.2_650/lpcxpresso/tools/bin/../lib/gcc/arm-none-eabi/5.4.1/../../../../arm-none-eabi/lib/armv6-m\libc_nano.a(lib_a-makebuf.o)
                0x000023d0                __smakebuf_r
 .text.memchr   0x0000244c       0x16 c:/data/dev/lpcxpresso_8.2.2_650/lpcxpresso/tools/bin/../lib/gcc/arm-none-eabi/5.4.1/../../../../arm-none-eabi/lib/armv6-m\libc_nano.a(lib_a-memchr-stub.o)
                0x0000244c                memchr
 .text.memcpy   0x00002462       0x12 c:/data/dev/lpcxpresso_8.2.2_650/lpcxpresso/tools/bin/../lib/gcc/arm-none-eabi/5.4.1/../../../../arm-none-eabi/lib/armv6-m\libc_nano.a(lib_a-memcpy-stub.o)
                0x00002462                memcpy
 .text._realloc_r
                0x00002474       0x4c c:/data/dev/lpcxpresso_8.2.2_650/lpcxpresso/tools/bin/../lib/gcc/arm-none-eabi/5.4.1/../../../../arm-none-eabi/lib/armv6-m\libc_nano.a(lib_a-nano-reallocr.o)
                0x00002474                _realloc_r
 .text._fstat_r
                0x000024c0       0x24 c:/data/dev/lpcxpresso_8.2.2_650/lpcxpresso/tools/bin/../lib/gcc/arm-none-eabi/5.4.1/../../../../arm-none-eabi/lib/armv6-m\libc_nano.a(lib_a-fstatr.o)
                0x000024c0                _fstat_r
 .text._isatty_r
                0x000024e4       0x24 c:/data/dev/lpcxpresso_8.2.2_650/lpcxpresso/tools/bin/../lib/gcc/arm-none-eabi/5.4.1/../../../../arm-none-eabi/lib/armv6-m\libc_nano.a(lib_a-isattyr.o)
                0x000024e4                _isatty_r
 .text._malloc_usable_size_r
                0x00002508       0x16 c:/data/dev/lpcxpresso_8.2.2_650/lpcxpresso/tools/bin/../lib/gcc/arm-none-eabi/5.4.1/../../../../arm-none-eabi/lib/armv6-m\libc_nano.a(lib_a-nano-msizer.o)
                0x00002508                _malloc_usable_size_r
 *fill*         0x0000251e        0x2 ff
 .text._sbrk    0x00002520       0x40 c:/data/dev/lpcxpresso_8.2.2_650/lpcxpresso/tools/bin/../lib/gcc/arm-none-eabi/5.4.1/../../../../arm-none-eabi/lib/armv6-m\libcr_newlib_nohost.a(_cr_sbrk.o)
                0x00002520                _sbrk
 .text._close   0x00002560       0x10 c:/data/dev/lpcxpresso_8.2.2_650/lpcxpresso/tools/bin/../lib/gcc/arm-none-eabi/5.4.1/../../../../arm-none-eabi/lib/armv6-m\libcr_newlib_nohost.a(close.o)
                0x00002560                _close
 .text._fstat   0x00002570       0x10 c:/data/dev/lpcxpresso_8.2.2_650/lpcxpresso/tools/bin/../lib/gcc/arm-none-eabi/5.4.1/../../../../arm-none-eabi/lib/armv6-m\libcr_newlib_nohost.a(fstat.o)
                0x00002570                _fstat
 .text._isatty  0x00002580       0x10 c:/data/dev/lpcxpresso_8.2.2_650/lpcxpresso/tools/bin/../lib/gcc/arm-none-eabi/5.4.1/../../../../arm-none-eabi/lib/armv6-m\libcr_newlib_nohost.a(isatty.o)
                0x00002580                _isatty
 .text._lseek   0x00002590       0x10 c:/data/dev/lpcxpresso_8.2.2_650/lpcxpresso/tools/bin/../lib/gcc/arm-none-eabi/5.4.1/../../../../arm-none-eabi/lib/armv6-m\libcr_newlib_nohost.a(lseek.o)
                0x00002590                _lseek
 .text.__check_heap_overflow
                0x000025a0       0x14 c:/data/dev/lpcxpresso_8.2.2_650/lpcxpresso/tools/bin/../lib/gcc/arm-none-eabi/5.4.1/../../../../arm-none-eabi/lib/armv6-m\libcr_newlib_nohost.a(_cr_check_heap.o)
                0x000025a0                __check_heap_overflow
 .text.__errno  0x000025b4        0xc c:/data/dev/lpcxpresso_8.2.2_650/lpcxpresso/tools/bin/../lib/gcc/arm-none-eabi/5.4.1/../../../../arm-none-eabi/lib/armv6-m\libc_nano.a(lib_a-errno.o)
                0x000025b4                __errno
 *(.rodata .rodata.* .constdata .constdata.*)
 .rodata        0x000025c0       0x63 ./src/main.o
 *fill*         0x00002623        0x1 ff
 .rodata.main   0x00002624       0x1c ./src/main.o
 .rodata.__sf_fake_stdin
                0x00002640       0x20 c:/data/dev/lpcxpresso_8.2.2_650/lpcxpresso/tools/bin/../lib/gcc/arm-none-eabi/5.4.1/../../../../arm-none-eabi/lib/armv6-m\libc_nano.a(lib_a-findfp.o)
                0x00002640                __sf_fake_stdin
 .rodata.__sf_fake_stdout
                0x00002660       0x20 c:/data/dev/lpcxpresso_8.2.2_650/lpcxpresso/tools/bin/../lib/gcc/arm-none-eabi/5.4.1/../../../../arm-none-eabi/lib/armv6-m\libc_nano.a(lib_a-findfp.o)
                0x00002660                __sf_fake_stdout
 .rodata.__sf_fake_stderr
                0x00002680       0x20 c:/data/dev/lpcxpresso_8.2.2_650/lpcxpresso/tools/bin/../lib/gcc/arm-none-eabi/5.4.1/../../../../arm-none-eabi/lib/armv6-m\libc_nano.a(lib_a-findfp.o)
                0x00002680                __sf_fake_stderr
 .rodata.str1.1
                0x000026a0        0x2 c:/data/dev/lpcxpresso_8.2.2_650/lpcxpresso/tools/bin/../lib/gcc/arm-none-eabi/5.4.1/../../../../arm-none-eabi/lib/armv6-m\libc_nano.a(lib_a-impure.o)
 *fill*         0x000026a2        0x2 ff
 .rodata._global_impure_ptr
                0x000026a4        0x4 c:/data/dev/lpcxpresso_8.2.2_650/lpcxpresso/tools/bin/../lib/gcc/arm-none-eabi/5.4.1/../../../../arm-none-eabi/lib/armv6-m\libc_nano.a(lib_a-impure.o)
                0x000026a4                _global_impure_ptr
 .rodata.str1.1
                0x000026a8       0x11 c:/data/dev/lpcxpresso_8.2.2_650/lpcxpresso/tools/bin/../lib/gcc/arm-none-eabi/5.4.1/../../../../arm-none-eabi/lib/armv6-m\libc_nano.a(lib_a-nano-vfprintf.o)
 .rodata.str1.1
                0x000026b9       0x22 c:/data/dev/lpcxpresso_8.2.2_650/lpcxpresso/tools/bin/../lib/gcc/arm-none-eabi/5.4.1/../../../../arm-none-eabi/lib/armv6-m\libc_nano.a(lib_a-nano-vfprintf_i.o)
 .rodata.str1.1
                0x000026db        0x4 c:/data/dev/lpcxpresso_8.2.2_650/lpcxpresso/tools/bin/../lib/gcc/arm-none-eabi/5.4.1/../../../../arm-none-eabi/lib/armv6-m\libc_nano.a(lib_a-nano-vfscanf.o)
 *fill*         0x000026db        0x1 ff
 .rodata        0x000026dc        0xc c:/data/dev/lpcxpresso_8.2.2_650/lpcxpresso/tools/bin/../lib/gcc/arm-none-eabi/5.4.1/../../../../arm-none-eabi/lib/armv6-m\libc_nano.a(lib_a-nano-vfscanf_i.o)
 .rodata.str1.1
                0x000026e8       0x1b c:/data/dev/lpcxpresso_8.2.2_650/lpcxpresso/tools/bin/../lib/gcc/arm-none-eabi/5.4.1/../../../../arm-none-eabi/lib/armv6-m\libc_nano.a(lib_a-nano-vfscanf_i.o)
 .rodata._ctype_
                0x00002703      0x101 c:/data/dev/lpcxpresso_8.2.2_650/lpcxpresso/tools/bin/../lib/gcc/arm-none-eabi/5.4.1/../../../../arm-none-eabi/lib/armv6-m\libc_nano.a(lib_a-ctype_.o)
                0x00002703                _ctype_
                0x00002804                . = ALIGN (0x4)

.glue_7         0x00002804        0x0
 .glue_7        0x00002804        0x0 linker stubs

.glue_7t        0x00002804        0x0
 .glue_7t       0x00002804        0x0 linker stubs

.vfp11_veneer   0x00002804        0x0
 .vfp11_veneer  0x00002804        0x0 linker stubs

.v4_bx          0x00002804        0x0
 .v4_bx         0x00002804        0x0 linker stubs

.iplt           0x00002804        0x0
 .iplt          0x00002804        0x0 ./src/dev/hw.o

.rel.dyn        0x00002804        0x0
 .rel.iplt      0x00002804        0x0 ./src/dev/hw.o

.ARM.extab
 *(.ARM.extab* .gnu.linkonce.armextab.*)
                0x00002804                __exidx_start = .

.ARM.exidx
 *(.ARM.exidx* .gnu.linkonce.armexidx.*)
                0x00002804                __exidx_end = .
                0x00002804                _etext = .

.uninit_RESERVED
                0x10000000        0x0
 *(.bss.$RESERVED*)
                0x10000000                . = ALIGN (0x4)
                0x10000000                _end_uninit_RESERVED = .

.data           0x10000000       0x68 load address 0x00002804
 FILL mask 0xff
                0x10000000                _data = .
 *(vtable)
 *(.ramfunc*)
 *(.data*)
 .data.impure_data
                0x10000000       0x60 c:/data/dev/lpcxpresso_8.2.2_650/lpcxpresso/tools/bin/../lib/gcc/arm-none-eabi/5.4.1/../../../../arm-none-eabi/lib/armv6-m\libc_nano.a(lib_a-impure.o)
 .data._impure_ptr
                0x10000060        0x4 c:/data/dev/lpcxpresso_8.2.2_650/lpcxpresso/tools/bin/../lib/gcc/arm-none-eabi/5.4.1/../../../../arm-none-eabi/lib/armv6-m\libc_nano.a(lib_a-impure.o)
                0x10000060                _impure_ptr
 .data.__ctype_ptr__
                0x10000064        0x4 c:/data/dev/lpcxpresso_8.2.2_650/lpcxpresso/tools/bin/../lib/gcc/arm-none-eabi/5.4.1/../../../../arm-none-eabi/lib/armv6-m\libc_nano.a(lib_a-ctype_.o)
                0x10000064                __ctype_ptr__
                0x10000068                . = ALIGN (0x4)
                0x10000068                _edata = .

.igot.plt       0x10000068        0x0 load address 0x0000286c
 .igot.plt      0x10000068        0x0 ./src/dev/hw.o

.bss            0x10000068       0x10 load address 0x0000286c
                0x10000068                _bss = .
 *(.bss*)
 .bss.__malloc_sbrk_start
                0x10000068        0x4 c:/data/dev/lpcxpresso_8.2.2_650/lpcxpresso/tools/bin/../lib/gcc/arm-none-eabi/5.4.1/../../../../arm-none-eabi/lib/armv6-m\libc_nano.a(lib_a-nano-mallocr.o)
                0x10000068                __malloc_sbrk_start
 .bss.__malloc_free_list
                0x1000006c        0x4 c:/data/dev/lpcxpresso_8.2.2_650/lpcxpresso/tools/bin/../lib/gcc/arm-none-eabi/5.4.1/../../../../arm-none-eabi/lib/armv6-m\libc_nano.a(lib_a-nano-mallocr.o)
                0x1000006c                __malloc_free_list
 .bss.__end_of_heap
                0x10000070        0x4 c:/data/dev/lpcxpresso_8.2.2_650/lpcxpresso/tools/bin/../lib/gcc/arm-none-eabi/5.4.1/../../../../arm-none-eabi/lib/armv6-m\libcr_newlib_nohost.a(_cr_sbrk.o)
                0x10000070                __end_of_heap
 *(COMMON)
 COMMON         0x10000074        0x4 c:/data/dev/lpcxpresso_8.2.2_650/lpcxpresso/tools/bin/../lib/gcc/arm-none-eabi/5.4.1/../../../../arm-none-eabi/lib/armv6-m\libc_nano.a(lib_a-reent.o)
                0x10000074                errno
                0x10000078                . = ALIGN (0x4)
                0x10000078                _ebss = .
                [!provide]                PROVIDE (end, .)

.noinit         0x10000078        0x0 load address 0x0000286c
                0x10000078                _noinit = .
 *(.noinit*)
                0x10000078                . = ALIGN (0x4)
                0x10000078                _end_noinit = .
                0x10000078                PROVIDE (_pvHeapStart, DEFINED (__user_heap_base)?__user_heap_base:.)
                0x10002000                PROVIDE (_vStackTop, DEFINED (__user_stack_top)?__user_stack_top:(__top_RamLoc8 - 0x0))
                0xefffdb1d                PROVIDE (__valid_user_code_checksum, (0x0 - (((_vStackTop + (ResetISR + 0x1)) + (DEFINED (NMI_Handler)?NMI_Handler:M0_NMI_Handler + 0x1)) + (DEFINED (HardFault_Handler)?HardFault_Handler:M0_HardFault_Handler + 0x1))))
OUTPUT(embexp-balrob.axf elf32-littlearm)

.debug_info     0x00000000     0x2b53
 .debug_info    0x00000000      0x60c ./src/dev/hw.o
 .debug_info    0x0000060c      0x3a1 ./src/dev/motor.o
 .debug_info    0x000009ad      0x901 ./src/dev/uart.o
 .debug_info    0x000012ae      0x3a6 ./src/dev/ui.o
 .debug_info    0x00001654      0x203 ./src/cr_startup_lpc11xx.o
 .debug_info    0x00001857      0x8a9 ./src/main.o
 .debug_info    0x00002100      0x456 C:\Users\andreas\Documents\LPCXpresso_8.2.2_650\workspace\CMSIS_CORE_LPC11xx\Debug\libCMSIS_CORE_LPC11xx.a(system_LPC11xx.o)
 .debug_info    0x00002556      0x124 c:/data/dev/lpcxpresso_8.2.2_650/lpcxpresso/tools/bin/../lib/gcc/arm-none-eabi/5.4.1/../../../../arm-none-eabi/lib/armv6-m\libcr_newlib_nohost.a(_cr_sbrk.o)
 .debug_info    0x0000267a       0xb5 c:/data/dev/lpcxpresso_8.2.2_650/lpcxpresso/tools/bin/../lib/gcc/arm-none-eabi/5.4.1/../../../../arm-none-eabi/lib/armv6-m\libcr_newlib_nohost.a(close.o)
 .debug_info    0x0000272f      0x234 c:/data/dev/lpcxpresso_8.2.2_650/lpcxpresso/tools/bin/../lib/gcc/arm-none-eabi/5.4.1/../../../../arm-none-eabi/lib/armv6-m\libcr_newlib_nohost.a(fstat.o)
 .debug_info    0x00002963       0xb5 c:/data/dev/lpcxpresso_8.2.2_650/lpcxpresso/tools/bin/../lib/gcc/arm-none-eabi/5.4.1/../../../../arm-none-eabi/lib/armv6-m\libcr_newlib_nohost.a(isatty.o)
 .debug_info    0x00002a18       0xd1 c:/data/dev/lpcxpresso_8.2.2_650/lpcxpresso/tools/bin/../lib/gcc/arm-none-eabi/5.4.1/../../../../arm-none-eabi/lib/armv6-m\libcr_newlib_nohost.a(lseek.o)
 .debug_info    0x00002ae9       0x6a c:/data/dev/lpcxpresso_8.2.2_650/lpcxpresso/tools/bin/../lib/gcc/arm-none-eabi/5.4.1/../../../../arm-none-eabi/lib/armv6-m\libcr_newlib_nohost.a(_cr_check_heap.o)

.debug_abbrev   0x00000000      0xbf3
 .debug_abbrev  0x00000000      0x1b3 ./src/dev/hw.o
 .debug_abbrev  0x000001b3       0xe0 ./src/dev/motor.o
 .debug_abbrev  0x00000293      0x1aa ./src/dev/uart.o
 .debug_abbrev  0x0000043d       0xe2 ./src/dev/ui.o
 .debug_abbrev  0x0000051f       0xe6 ./src/cr_startup_lpc11xx.o
 .debug_abbrev  0x00000605      0x1ac ./src/main.o
 .debug_abbrev  0x000007b1      0x106 C:\Users\andreas\Documents\LPCXpresso_8.2.2_650\workspace\CMSIS_CORE_LPC11xx\Debug\libCMSIS_CORE_LPC11xx.a(system_LPC11xx.o)
 .debug_abbrev  0x000008b7       0xcf c:/data/dev/lpcxpresso_8.2.2_650/lpcxpresso/tools/bin/../lib/gcc/arm-none-eabi/5.4.1/../../../../arm-none-eabi/lib/armv6-m\libcr_newlib_nohost.a(_cr_sbrk.o)
 .debug_abbrev  0x00000986       0x66 c:/data/dev/lpcxpresso_8.2.2_650/lpcxpresso/tools/bin/../lib/gcc/arm-none-eabi/5.4.1/../../../../arm-none-eabi/lib/armv6-m\libcr_newlib_nohost.a(close.o)
 .debug_abbrev  0x000009ec       0xbb c:/data/dev/lpcxpresso_8.2.2_650/lpcxpresso/tools/bin/../lib/gcc/arm-none-eabi/5.4.1/../../../../arm-none-eabi/lib/armv6-m\libcr_newlib_nohost.a(fstat.o)
 .debug_abbrev  0x00000aa7       0x66 c:/data/dev/lpcxpresso_8.2.2_650/lpcxpresso/tools/bin/../lib/gcc/arm-none-eabi/5.4.1/../../../../arm-none-eabi/lib/armv6-m\libcr_newlib_nohost.a(isatty.o)
 .debug_abbrev  0x00000b0d       0x84 c:/data/dev/lpcxpresso_8.2.2_650/lpcxpresso/tools/bin/../lib/gcc/arm-none-eabi/5.4.1/../../../../arm-none-eabi/lib/armv6-m\libcr_newlib_nohost.a(lseek.o)
 .debug_abbrev  0x00000b91       0x62 c:/data/dev/lpcxpresso_8.2.2_650/lpcxpresso/tools/bin/../lib/gcc/arm-none-eabi/5.4.1/../../../../arm-none-eabi/lib/armv6-m\libcr_newlib_nohost.a(_cr_check_heap.o)

.debug_aranges  0x00000000      0x250
 .debug_aranges
                0x00000000       0x48 ./src/dev/hw.o
 .debug_aranges
                0x00000048       0x30 ./src/dev/motor.o
 .debug_aranges
                0x00000078       0x40 ./src/dev/uart.o
 .debug_aranges
                0x000000b8       0x30 ./src/dev/ui.o
 .debug_aranges
                0x000000e8       0x60 ./src/cr_startup_lpc11xx.o
 .debug_aranges
                0x00000148       0x20 ./src/main.o
 .debug_aranges
                0x00000168       0x28 C:\Users\andreas\Documents\LPCXpresso_8.2.2_650\workspace\CMSIS_CORE_LPC11xx\Debug\libCMSIS_CORE_LPC11xx.a(system_LPC11xx.o)
 .debug_aranges
                0x00000190       0x20 c:/data/dev/lpcxpresso_8.2.2_650/lpcxpresso/tools/bin/../lib/gcc/arm-none-eabi/5.4.1/../../../../arm-none-eabi/lib/armv6-m\libcr_newlib_nohost.a(_cr_sbrk.o)
 .debug_aranges
                0x000001b0       0x20 c:/data/dev/lpcxpresso_8.2.2_650/lpcxpresso/tools/bin/../lib/gcc/arm-none-eabi/5.4.1/../../../../arm-none-eabi/lib/armv6-m\libcr_newlib_nohost.a(close.o)
 .debug_aranges
                0x000001d0       0x20 c:/data/dev/lpcxpresso_8.2.2_650/lpcxpresso/tools/bin/../lib/gcc/arm-none-eabi/5.4.1/../../../../arm-none-eabi/lib/armv6-m\libcr_newlib_nohost.a(fstat.o)
 .debug_aranges
                0x000001f0       0x20 c:/data/dev/lpcxpresso_8.2.2_650/lpcxpresso/tools/bin/../lib/gcc/arm-none-eabi/5.4.1/../../../../arm-none-eabi/lib/armv6-m\libcr_newlib_nohost.a(isatty.o)
 .debug_aranges
                0x00000210       0x20 c:/data/dev/lpcxpresso_8.2.2_650/lpcxpresso/tools/bin/../lib/gcc/arm-none-eabi/5.4.1/../../../../arm-none-eabi/lib/armv6-m\libcr_newlib_nohost.a(lseek.o)
 .debug_aranges
                0x00000230       0x20 c:/data/dev/lpcxpresso_8.2.2_650/lpcxpresso/tools/bin/../lib/gcc/arm-none-eabi/5.4.1/../../../../arm-none-eabi/lib/armv6-m\libcr_newlib_nohost.a(_cr_check_heap.o)

.debug_ranges   0x00000000      0x180
 .debug_ranges  0x00000000       0x38 ./src/dev/hw.o
 .debug_ranges  0x00000038       0x20 ./src/dev/motor.o
 .debug_ranges  0x00000058       0x30 ./src/dev/uart.o
 .debug_ranges  0x00000088       0x20 ./src/dev/ui.o
 .debug_ranges  0x000000a8       0x50 ./src/cr_startup_lpc11xx.o
 .debug_ranges  0x000000f8       0x10 ./src/main.o
 .debug_ranges  0x00000108       0x18 C:\Users\andreas\Documents\LPCXpresso_8.2.2_650\workspace\CMSIS_CORE_LPC11xx\Debug\libCMSIS_CORE_LPC11xx.a(system_LPC11xx.o)
 .debug_ranges  0x00000120       0x10 c:/data/dev/lpcxpresso_8.2.2_650/lpcxpresso/tools/bin/../lib/gcc/arm-none-eabi/5.4.1/../../../../arm-none-eabi/lib/armv6-m\libcr_newlib_nohost.a(_cr_sbrk.o)
 .debug_ranges  0x00000130       0x10 c:/data/dev/lpcxpresso_8.2.2_650/lpcxpresso/tools/bin/../lib/gcc/arm-none-eabi/5.4.1/../../../../arm-none-eabi/lib/armv6-m\libcr_newlib_nohost.a(close.o)
 .debug_ranges  0x00000140       0x10 c:/data/dev/lpcxpresso_8.2.2_650/lpcxpresso/tools/bin/../lib/gcc/arm-none-eabi/5.4.1/../../../../arm-none-eabi/lib/armv6-m\libcr_newlib_nohost.a(fstat.o)
 .debug_ranges  0x00000150       0x10 c:/data/dev/lpcxpresso_8.2.2_650/lpcxpresso/tools/bin/../lib/gcc/arm-none-eabi/5.4.1/../../../../arm-none-eabi/lib/armv6-m\libcr_newlib_nohost.a(isatty.o)
 .debug_ranges  0x00000160       0x10 c:/data/dev/lpcxpresso_8.2.2_650/lpcxpresso/tools/bin/../lib/gcc/arm-none-eabi/5.4.1/../../../../arm-none-eabi/lib/armv6-m\libcr_newlib_nohost.a(lseek.o)
 .debug_ranges  0x00000170       0x10 c:/data/dev/lpcxpresso_8.2.2_650/lpcxpresso/tools/bin/../lib/gcc/arm-none-eabi/5.4.1/../../../../arm-none-eabi/lib/armv6-m\libcr_newlib_nohost.a(_cr_check_heap.o)

.debug_macro    0x00000000     0x3978
 .debug_macro   0x00000000       0x9d ./src/dev/hw.o
 .debug_macro   0x0000009d      0x844 ./src/dev/hw.o
 .debug_macro   0x000008e1       0x1c ./src/dev/hw.o
 .debug_macro   0x000008fd       0x3a ./src/dev/hw.o
 .debug_macro   0x00000937       0x22 ./src/dev/hw.o
 .debug_macro   0x00000959       0x87 ./src/dev/hw.o
 .debug_macro   0x000009e0       0x44 ./src/dev/hw.o
 .debug_macro   0x00000a24       0xfd ./src/dev/hw.o
 .debug_macro   0x00000b21       0x5e ./src/dev/hw.o
 .debug_macro   0x00000b7f      0x1df ./src/dev/hw.o
 .debug_macro   0x00000d5e       0x1f ./src/dev/hw.o
 .debug_macro   0x00000d7d      0x242 ./src/dev/hw.o
 .debug_macro   0x00000fbf      0x131 ./src/dev/hw.o
 .debug_macro   0x000010f0       0xa7 ./src/dev/motor.o
 .debug_macro   0x00001197      0x1af ./src/dev/uart.o
 .debug_macro   0x00001346       0x52 ./src/dev/uart.o
 .debug_macro   0x00001398       0x35 ./src/dev/uart.o
 .debug_macro   0x000013cd       0x9c ./src/dev/uart.o
 .debug_macro   0x00001469       0x10 ./src/dev/uart.o
 .debug_macro   0x00001479       0xcf ./src/dev/uart.o
 .debug_macro   0x00001548      0x30d ./src/dev/uart.o
 .debug_macro   0x00001855       0x10 ./src/dev/uart.o
 .debug_macro   0x00001865       0xbe ./src/dev/uart.o
 .debug_macro   0x00001923       0x52 ./src/dev/uart.o
 .debug_macro   0x00001975       0x1f ./src/dev/uart.o
 .debug_macro   0x00001994       0x43 ./src/dev/uart.o
 .debug_macro   0x000019d7       0x20 ./src/dev/uart.o
 .debug_macro   0x000019f7       0x1c ./src/dev/uart.o
 .debug_macro   0x00001a13       0x52 ./src/dev/uart.o
 .debug_macro   0x00001a65       0x40 ./src/dev/uart.o
 .debug_macro   0x00001aa5       0x10 ./src/dev/uart.o
 .debug_macro   0x00001ab5       0x40 ./src/dev/uart.o
 .debug_macro   0x00001af5       0xd7 ./src/dev/uart.o
 .debug_macro   0x00001bcc      0x513 ./src/dev/uart.o
 .debug_macro   0x000020df       0xa7 ./src/dev/ui.o
 .debug_macro   0x00002186       0x1d ./src/cr_startup_lpc11xx.o
 .debug_macro   0x000021a3      0x20b ./src/main.o
 .debug_macro   0x000023ae       0x82 ./src/main.o
 .debug_macro   0x00002430       0x16 ./src/main.o
 .debug_macro   0x00002446       0x97 ./src/main.o
 .debug_macro   0x000024dd       0xfd ./src/main.o
 .debug_macro   0x000025da       0x10 ./src/main.o
 .debug_macro   0x000025ea      0x187 ./src/main.o
 .debug_macro   0x00002771       0x16 ./src/main.o
 .debug_macro   0x00002787      0x189 ./src/main.o
 .debug_macro   0x00002910      0x13b C:\Users\andreas\Documents\LPCXpresso_8.2.2_650\workspace\CMSIS_CORE_LPC11xx\Debug\libCMSIS_CORE_LPC11xx.a(system_LPC11xx.o)
 .debug_macro   0x00002a4b      0x83e C:\Users\andreas\Documents\LPCXpresso_8.2.2_650\workspace\CMSIS_CORE_LPC11xx\Debug\libCMSIS_CORE_LPC11xx.a(system_LPC11xx.o)
 .debug_macro   0x00003289       0x10 C:\Users\andreas\Documents\LPCXpresso_8.2.2_650\workspace\CMSIS_CORE_LPC11xx\Debug\libCMSIS_CORE_LPC11xx.a(system_LPC11xx.o)
 .debug_macro   0x00003299      0x12d C:\Users\andreas\Documents\LPCXpresso_8.2.2_650\workspace\CMSIS_CORE_LPC11xx\Debug\libCMSIS_CORE_LPC11xx.a(system_LPC11xx.o)
 .debug_macro   0x000033c6      0x5b2 C:\Users\andreas\Documents\LPCXpresso_8.2.2_650\workspace\CMSIS_CORE_LPC11xx\Debug\libCMSIS_CORE_LPC11xx.a(system_LPC11xx.o)

.debug_line     0x00000000     0x172e
 .debug_line    0x00000000      0x320 ./src/dev/hw.o
 .debug_line    0x00000320      0x325 ./src/dev/motor.o
 .debug_line    0x00000645      0x3f9 ./src/dev/uart.o
 .debug_line    0x00000a3e      0x310 ./src/dev/ui.o
 .debug_line    0x00000d4e       0xb8 ./src/cr_startup_lpc11xx.o
 .debug_line    0x00000e06      0x43b ./src/main.o
 .debug_line    0x00001241      0x216 C:\Users\andreas\Documents\LPCXpresso_8.2.2_650\workspace\CMSIS_CORE_LPC11xx\Debug\libCMSIS_CORE_LPC11xx.a(system_LPC11xx.o)
 .debug_line    0x00001457       0xff c:/data/dev/lpcxpresso_8.2.2_650/lpcxpresso/tools/bin/../lib/gcc/arm-none-eabi/5.4.1/../../../../arm-none-eabi/lib/armv6-m\libcr_newlib_nohost.a(_cr_sbrk.o)
 .debug_line    0x00001556       0x44 c:/data/dev/lpcxpresso_8.2.2_650/lpcxpresso/tools/bin/../lib/gcc/arm-none-eabi/5.4.1/../../../../arm-none-eabi/lib/armv6-m\libcr_newlib_nohost.a(close.o)
 .debug_line    0x0000159a       0xba c:/data/dev/lpcxpresso_8.2.2_650/lpcxpresso/tools/bin/../lib/gcc/arm-none-eabi/5.4.1/../../../../arm-none-eabi/lib/armv6-m\libcr_newlib_nohost.a(fstat.o)
 .debug_line    0x00001654       0x43 c:/data/dev/lpcxpresso_8.2.2_650/lpcxpresso/tools/bin/../lib/gcc/arm-none-eabi/5.4.1/../../../../arm-none-eabi/lib/armv6-m\libcr_newlib_nohost.a(isatty.o)
 .debug_line    0x00001697       0x44 c:/data/dev/lpcxpresso_8.2.2_650/lpcxpresso/tools/bin/../lib/gcc/arm-none-eabi/5.4.1/../../../../arm-none-eabi/lib/armv6-m\libcr_newlib_nohost.a(lseek.o)
 .debug_line    0x000016db       0x53 c:/data/dev/lpcxpresso_8.2.2_650/lpcxpresso/tools/bin/../lib/gcc/arm-none-eabi/5.4.1/../../../../arm-none-eabi/lib/armv6-m\libcr_newlib_nohost.a(_cr_check_heap.o)

.debug_str      0x00000000     0xbf21
 .debug_str     0x00000000     0x4a42 ./src/dev/hw.o
                               0x4bab (size before relaxing)
 .debug_str     0x00004a42      0x20a ./src/dev/motor.o
                               0x4ac5 (size before relaxing)
 .debug_str     0x00004c4c     0x3753 ./src/dev/uart.o
                               0x84c6 (size before relaxing)
 .debug_str     0x0000839f       0x31 ./src/dev/ui.o
                               0x4abd (size before relaxing)
 .debug_str     0x000083d0      0x178 ./src/cr_startup_lpc11xx.o
                               0x2532 (size before relaxing)
 .debug_str     0x00008548     0x1b64 ./src/main.o
                               0x8c24 (size before relaxing)
 .debug_str     0x0000a0ac     0x1ba9 C:\Users\andreas\Documents\LPCXpresso_8.2.2_650\workspace\CMSIS_CORE_LPC11xx\Debug\libCMSIS_CORE_LPC11xx.a(system_LPC11xx.o)
                               0x5721 (size before relaxing)
 .debug_str     0x0000bc55      0x184 c:/data/dev/lpcxpresso_8.2.2_650/lpcxpresso/tools/bin/../lib/gcc/arm-none-eabi/5.4.1/../../../../arm-none-eabi/lib/armv6-m\libcr_newlib_nohost.a(_cr_sbrk.o)
                                0x229 (size before relaxing)
 .debug_str     0x0000bdd9       0x16 c:/data/dev/lpcxpresso_8.2.2_650/lpcxpresso/tools/bin/../lib/gcc/arm-none-eabi/5.4.1/../../../../arm-none-eabi/lib/armv6-m\libcr_newlib_nohost.a(close.o)
                                0x1cf (size before relaxing)
 .debug_str     0x0000bdef       0xdf c:/data/dev/lpcxpresso_8.2.2_650/lpcxpresso/tools/bin/../lib/gcc/arm-none-eabi/5.4.1/../../../../arm-none-eabi/lib/armv6-m\libcr_newlib_nohost.a(fstat.o)
                                0x2bc (size before relaxing)
 .debug_str     0x0000bece       0x18 c:/data/dev/lpcxpresso_8.2.2_650/lpcxpresso/tools/bin/../lib/gcc/arm-none-eabi/5.4.1/../../../../arm-none-eabi/lib/armv6-m\libcr_newlib_nohost.a(isatty.o)
                                0x1cf (size before relaxing)
 .debug_str     0x0000bee6       0x16 c:/data/dev/lpcxpresso_8.2.2_650/lpcxpresso/tools/bin/../lib/gcc/arm-none-eabi/5.4.1/../../../../arm-none-eabi/lib/armv6-m\libcr_newlib_nohost.a(lseek.o)
                                0x1cd (size before relaxing)
 .debug_str     0x0000befc       0x25 c:/data/dev/lpcxpresso_8.2.2_650/lpcxpresso/tools/bin/../lib/gcc/arm-none-eabi/5.4.1/../../../../arm-none-eabi/lib/armv6-m\libcr_newlib_nohost.a(_cr_check_heap.o)
                                0x16b (size before relaxing)

.comment        0x00000000       0xdc
 .comment       0x00000000       0x6e ./src/dev/hw.o
                                 0x6f (size before relaxing)
 .comment       0x0000006e       0x6f ./src/dev/motor.o
 .comment       0x0000006e       0x6f ./src/dev/uart.o
 .comment       0x0000006e       0x6f ./src/dev/ui.o
 .comment       0x0000006e       0x6f ./src/cr_startup_lpc11xx.o
 .comment       0x0000006e       0x6f ./src/main.o
 .comment       0x0000006e       0x6f C:\Users\andreas\Documents\LPCXpresso_8.2.2_650\workspace\CMSIS_CORE_LPC11xx\Debug\libCMSIS_CORE_LPC11xx.a(system_LPC11xx.o)
 .comment       0x0000006e       0x6e c:/data/dev/lpcxpresso_8.2.2_650/lpcxpresso/tools/bin/../lib/gcc/arm-none-eabi/5.4.1/../../../../arm-none-eabi/lib/armv6-m\libcr_newlib_nohost.a(_cr_sbrk.o)
                                 0x6f (size before relaxing)
 .comment       0x000000dc       0x6f c:/data/dev/lpcxpresso_8.2.2_650/lpcxpresso/tools/bin/../lib/gcc/arm-none-eabi/5.4.1/../../../../arm-none-eabi/lib/armv6-m\libcr_newlib_nohost.a(close.o)
 .comment       0x000000dc       0x6f c:/data/dev/lpcxpresso_8.2.2_650/lpcxpresso/tools/bin/../lib/gcc/arm-none-eabi/5.4.1/../../../../arm-none-eabi/lib/armv6-m\libcr_newlib_nohost.a(fstat.o)
 .comment       0x000000dc       0x6f c:/data/dev/lpcxpresso_8.2.2_650/lpcxpresso/tools/bin/../lib/gcc/arm-none-eabi/5.4.1/../../../../arm-none-eabi/lib/armv6-m\libcr_newlib_nohost.a(isatty.o)
 .comment       0x000000dc       0x6f c:/data/dev/lpcxpresso_8.2.2_650/lpcxpresso/tools/bin/../lib/gcc/arm-none-eabi/5.4.1/../../../../arm-none-eabi/lib/armv6-m\libcr_newlib_nohost.a(lseek.o)
 .comment       0x000000dc       0x6f c:/data/dev/lpcxpresso_8.2.2_650/lpcxpresso/tools/bin/../lib/gcc/arm-none-eabi/5.4.1/../../../../arm-none-eabi/lib/armv6-m\libcr_newlib_nohost.a(_cr_check_heap.o)

.ARM.attributes
                0x00000000       0x31
 .ARM.attributes
                0x00000000       0x31 ./src/dev/hw.o
 .ARM.attributes
                0x00000031       0x31 ./src/dev/motor.o
 .ARM.attributes
                0x00000062       0x31 ./src/dev/uart.o
 .ARM.attributes
                0x00000093       0x31 ./src/dev/ui.o
 .ARM.attributes
                0x000000c4       0x31 ./src/cr_startup_lpc11xx.o
 .ARM.attributes
                0x000000f5       0x31 ./src/main.o
 .ARM.attributes
                0x00000126       0x31 C:\Users\andreas\Documents\LPCXpresso_8.2.2_650\workspace\CMSIS_CORE_LPC11xx\Debug\libCMSIS_CORE_LPC11xx.a(system_LPC11xx.o)
 .ARM.attributes
                0x00000157       0x1e c:/data/dev/lpcxpresso_8.2.2_650/lpcxpresso/tools/bin/../lib/gcc/arm-none-eabi/5.4.1/armv6-m\libgcc.a(_udivsi3.o)
 .ARM.attributes
                0x00000175       0x1e c:/data/dev/lpcxpresso_8.2.2_650/lpcxpresso/tools/bin/../lib/gcc/arm-none-eabi/5.4.1/armv6-m\libgcc.a(_dvmd_tls.o)
 .ARM.attributes
                0x00000193       0x2c c:/data/dev/lpcxpresso_8.2.2_650/lpcxpresso/tools/bin/../lib/gcc/arm-none-eabi/5.4.1/../../../../arm-none-eabi/lib/armv6-m\libc_nano.a(lib_a-fflush.o)
 .ARM.attributes
                0x000001bf       0x2c c:/data/dev/lpcxpresso_8.2.2_650/lpcxpresso/tools/bin/../lib/gcc/arm-none-eabi/5.4.1/../../../../arm-none-eabi/lib/armv6-m\libc_nano.a(lib_a-findfp.o)
 .ARM.attributes
                0x000001eb       0x2c c:/data/dev/lpcxpresso_8.2.2_650/lpcxpresso/tools/bin/../lib/gcc/arm-none-eabi/5.4.1/../../../../arm-none-eabi/lib/armv6-m\libc_nano.a(lib_a-fwalk.o)
 .ARM.attributes
                0x00000217       0x2c c:/data/dev/lpcxpresso_8.2.2_650/lpcxpresso/tools/bin/../lib/gcc/arm-none-eabi/5.4.1/../../../../arm-none-eabi/lib/armv6-m\libc_nano.a(lib_a-impure.o)
 .ARM.attributes
                0x00000243       0x2c c:/data/dev/lpcxpresso_8.2.2_650/lpcxpresso/tools/bin/../lib/gcc/arm-none-eabi/5.4.1/../../../../arm-none-eabi/lib/armv6-m\libc_nano.a(lib_a-memset.o)
 .ARM.attributes
                0x0000026f       0x2c c:/data/dev/lpcxpresso_8.2.2_650/lpcxpresso/tools/bin/../lib/gcc/arm-none-eabi/5.4.1/../../../../arm-none-eabi/lib/armv6-m\libc_nano.a(lib_a-nano-freer.o)
 .ARM.attributes
                0x0000029b       0x2c c:/data/dev/lpcxpresso_8.2.2_650/lpcxpresso/tools/bin/../lib/gcc/arm-none-eabi/5.4.1/../../../../arm-none-eabi/lib/armv6-m\libc_nano.a(lib_a-nano-mallocr.o)
 .ARM.attributes
                0x000002c7       0x2c c:/data/dev/lpcxpresso_8.2.2_650/lpcxpresso/tools/bin/../lib/gcc/arm-none-eabi/5.4.1/../../../../arm-none-eabi/lib/armv6-m\libc_nano.a(lib_a-printf.o)
 .ARM.attributes
                0x000002f3       0x2c c:/data/dev/lpcxpresso_8.2.2_650/lpcxpresso/tools/bin/../lib/gcc/arm-none-eabi/5.4.1/../../../../arm-none-eabi/lib/armv6-m\libc_nano.a(lib_a-sbrkr.o)
 .ARM.attributes
                0x0000031f       0x2c c:/data/dev/lpcxpresso_8.2.2_650/lpcxpresso/tools/bin/../lib/gcc/arm-none-eabi/5.4.1/../../../../arm-none-eabi/lib/armv6-m\libc_nano.a(lib_a-scanf.o)
 .ARM.attributes
                0x0000034b       0x2c c:/data/dev/lpcxpresso_8.2.2_650/lpcxpresso/tools/bin/../lib/gcc/arm-none-eabi/5.4.1/../../../../arm-none-eabi/lib/armv6-m\libc_nano.a(lib_a-stdio.o)
 .ARM.attributes
                0x00000377       0x2c c:/data/dev/lpcxpresso_8.2.2_650/lpcxpresso/tools/bin/../lib/gcc/arm-none-eabi/5.4.1/../../../../arm-none-eabi/lib/armv6-m\libc_nano.a(lib_a-writer.o)
 .ARM.attributes
                0x000003a3       0x2c c:/data/dev/lpcxpresso_8.2.2_650/lpcxpresso/tools/bin/../lib/gcc/arm-none-eabi/5.4.1/../../../../arm-none-eabi/lib/armv6-m\libc_nano.a(lib_a-closer.o)
 .ARM.attributes
                0x000003cf       0x2c c:/data/dev/lpcxpresso_8.2.2_650/lpcxpresso/tools/bin/../lib/gcc/arm-none-eabi/5.4.1/../../../../arm-none-eabi/lib/armv6-m\libc_nano.a(lib_a-lseekr.o)
 .ARM.attributes
                0x000003fb       0x2c c:/data/dev/lpcxpresso_8.2.2_650/lpcxpresso/tools/bin/../lib/gcc/arm-none-eabi/5.4.1/../../../../arm-none-eabi/lib/armv6-m\libc_nano.a(lib_a-mlock.o)
 .ARM.attributes
                0x00000427       0x2c c:/data/dev/lpcxpresso_8.2.2_650/lpcxpresso/tools/bin/../lib/gcc/arm-none-eabi/5.4.1/../../../../arm-none-eabi/lib/armv6-m\libc_nano.a(lib_a-nano-vfprintf.o)
 .ARM.attributes
                0x00000453       0x2c c:/data/dev/lpcxpresso_8.2.2_650/lpcxpresso/tools/bin/../lib/gcc/arm-none-eabi/5.4.1/../../../../arm-none-eabi/lib/armv6-m\libc_nano.a(lib_a-nano-vfprintf_i.o)
 .ARM.attributes
                0x0000047f       0x2c c:/data/dev/lpcxpresso_8.2.2_650/lpcxpresso/tools/bin/../lib/gcc/arm-none-eabi/5.4.1/../../../../arm-none-eabi/lib/armv6-m\libc_nano.a(lib_a-nano-vfscanf.o)
 .ARM.attributes
                0x000004ab       0x2c c:/data/dev/lpcxpresso_8.2.2_650/lpcxpresso/tools/bin/../lib/gcc/arm-none-eabi/5.4.1/../../../../arm-none-eabi/lib/armv6-m\libc_nano.a(lib_a-nano-vfscanf_i.o)
 .ARM.attributes
                0x000004d7       0x2c c:/data/dev/lpcxpresso_8.2.2_650/lpcxpresso/tools/bin/../lib/gcc/arm-none-eabi/5.4.1/../../../../arm-none-eabi/lib/armv6-m\libc_nano.a(lib_a-readr.o)
 .ARM.attributes
                0x00000503       0x2c c:/data/dev/lpcxpresso_8.2.2_650/lpcxpresso/tools/bin/../lib/gcc/arm-none-eabi/5.4.1/../../../../arm-none-eabi/lib/armv6-m\libc_nano.a(lib_a-reent.o)
 .ARM.attributes
                0x0000052f       0x2c c:/data/dev/lpcxpresso_8.2.2_650/lpcxpresso/tools/bin/../lib/gcc/arm-none-eabi/5.4.1/../../../../arm-none-eabi/lib/armv6-m\libc_nano.a(lib_a-refill.o)
 .ARM.attributes
                0x0000055b       0x2c c:/data/dev/lpcxpresso_8.2.2_650/lpcxpresso/tools/bin/../lib/gcc/arm-none-eabi/5.4.1/../../../../arm-none-eabi/lib/armv6-m\libc_nano.a(lib_a-sccl.o)
 .ARM.attributes
                0x00000587       0x2c c:/data/dev/lpcxpresso_8.2.2_650/lpcxpresso/tools/bin/../lib/gcc/arm-none-eabi/5.4.1/../../../../arm-none-eabi/lib/armv6-m\libc_nano.a(lib_a-strtol.o)
 .ARM.attributes
                0x000005b3       0x2c c:/data/dev/lpcxpresso_8.2.2_650/lpcxpresso/tools/bin/../lib/gcc/arm-none-eabi/5.4.1/../../../../arm-none-eabi/lib/armv6-m\libc_nano.a(lib_a-strtoul.o)
 .ARM.attributes
                0x000005df       0x2c c:/data/dev/lpcxpresso_8.2.2_650/lpcxpresso/tools/bin/../lib/gcc/arm-none-eabi/5.4.1/../../../../arm-none-eabi/lib/armv6-m\libc_nano.a(lib_a-ungetc.o)
 .ARM.attributes
                0x0000060b       0x2c c:/data/dev/lpcxpresso_8.2.2_650/lpcxpresso/tools/bin/../lib/gcc/arm-none-eabi/5.4.1/../../../../arm-none-eabi/lib/armv6-m\libc_nano.a(lib_a-wbuf.o)
 .ARM.attributes
                0x00000637       0x2c c:/data/dev/lpcxpresso_8.2.2_650/lpcxpresso/tools/bin/../lib/gcc/arm-none-eabi/5.4.1/../../../../arm-none-eabi/lib/armv6-m\libc_nano.a(lib_a-wsetup.o)
 .ARM.attributes
                0x00000663       0x2c c:/data/dev/lpcxpresso_8.2.2_650/lpcxpresso/tools/bin/../lib/gcc/arm-none-eabi/5.4.1/../../../../arm-none-eabi/lib/armv6-m\libc_nano.a(lib_a-ctype_.o)
 .ARM.attributes
                0x0000068f       0x2c c:/data/dev/lpcxpresso_8.2.2_650/lpcxpresso/tools/bin/../lib/gcc/arm-none-eabi/5.4.1/../../../../arm-none-eabi/lib/armv6-m\libc_nano.a(lib_a-makebuf.o)
 .ARM.attributes
                0x000006bb       0x2c c:/data/dev/lpcxpresso_8.2.2_650/lpcxpresso/tools/bin/../lib/gcc/arm-none-eabi/5.4.1/../../../../arm-none-eabi/lib/armv6-m\libc_nano.a(lib_a-memchr-stub.o)
 .ARM.attributes
                0x000006e7       0x2c c:/data/dev/lpcxpresso_8.2.2_650/lpcxpresso/tools/bin/../lib/gcc/arm-none-eabi/5.4.1/../../../../arm-none-eabi/lib/armv6-m\libc_nano.a(lib_a-memcpy-stub.o)
 .ARM.attributes
                0x00000713       0x2c c:/data/dev/lpcxpresso_8.2.2_650/lpcxpresso/tools/bin/../lib/gcc/arm-none-eabi/5.4.1/../../../../arm-none-eabi/lib/armv6-m\libc_nano.a(lib_a-nano-reallocr.o)
 .ARM.attributes
                0x0000073f       0x2c c:/data/dev/lpcxpresso_8.2.2_650/lpcxpresso/tools/bin/../lib/gcc/arm-none-eabi/5.4.1/../../../../arm-none-eabi/lib/armv6-m\libc_nano.a(lib_a-fstatr.o)
 .ARM.attributes
                0x0000076b       0x2c c:/data/dev/lpcxpresso_8.2.2_650/lpcxpresso/tools/bin/../lib/gcc/arm-none-eabi/5.4.1/../../../../arm-none-eabi/lib/armv6-m\libc_nano.a(lib_a-isattyr.o)
 .ARM.attributes
                0x00000797       0x2c c:/data/dev/lpcxpresso_8.2.2_650/lpcxpresso/tools/bin/../lib/gcc/arm-none-eabi/5.4.1/../../../../arm-none-eabi/lib/armv6-m\libc_nano.a(lib_a-nano-msizer.o)
 .ARM.attributes
                0x000007c3       0x31 c:/data/dev/lpcxpresso_8.2.2_650/lpcxpresso/tools/bin/../lib/gcc/arm-none-eabi/5.4.1/../../../../arm-none-eabi/lib/armv6-m\libcr_newlib_nohost.a(_cr_sbrk.o)
 .ARM.attributes
                0x000007f4       0x31 c:/data/dev/lpcxpresso_8.2.2_650/lpcxpresso/tools/bin/../lib/gcc/arm-none-eabi/5.4.1/../../../../arm-none-eabi/lib/armv6-m\libcr_newlib_nohost.a(close.o)
 .ARM.attributes
                0x00000825       0x31 c:/data/dev/lpcxpresso_8.2.2_650/lpcxpresso/tools/bin/../lib/gcc/arm-none-eabi/5.4.1/../../../../arm-none-eabi/lib/armv6-m\libcr_newlib_nohost.a(fstat.o)
 .ARM.attributes
                0x00000856       0x31 c:/data/dev/lpcxpresso_8.2.2_650/lpcxpresso/tools/bin/../lib/gcc/arm-none-eabi/5.4.1/../../../../arm-none-eabi/lib/armv6-m\libcr_newlib_nohost.a(isatty.o)
 .ARM.attributes
                0x00000887       0x31 c:/data/dev/lpcxpresso_8.2.2_650/lpcxpresso/tools/bin/../lib/gcc/arm-none-eabi/5.4.1/../../../../arm-none-eabi/lib/armv6-m\libcr_newlib_nohost.a(lseek.o)
 .ARM.attributes
                0x000008b8       0x31 c:/data/dev/lpcxpresso_8.2.2_650/lpcxpresso/tools/bin/../lib/gcc/arm-none-eabi/5.4.1/../../../../arm-none-eabi/lib/armv6-m\libcr_newlib_nohost.a(_cr_check_heap.o)
 .ARM.attributes
                0x000008e9       0x2c c:/data/dev/lpcxpresso_8.2.2_650/lpcxpresso/tools/bin/../lib/gcc/arm-none-eabi/5.4.1/../../../../arm-none-eabi/lib/armv6-m\libc_nano.a(lib_a-errno.o)

.debug_frame    0x00000000      0xecc
 .debug_frame   0x00000000       0xc8 ./src/dev/hw.o
 .debug_frame   0x000000c8       0x68 ./src/dev/motor.o
 .debug_frame   0x00000130       0xa8 ./src/dev/uart.o
 .debug_frame   0x000001d8       0x68 ./src/dev/ui.o
 .debug_frame   0x00000240      0x118 ./src/cr_startup_lpc11xx.o
 .debug_frame   0x00000358       0x30 ./src/main.o
 .debug_frame   0x00000388       0x40 C:\Users\andreas\Documents\LPCXpresso_8.2.2_650\workspace\CMSIS_CORE_LPC11xx\Debug\libCMSIS_CORE_LPC11xx.a(system_LPC11xx.o)
 .debug_frame   0x000003c8       0x20 c:/data/dev/lpcxpresso_8.2.2_650/lpcxpresso/tools/bin/../lib/gcc/arm-none-eabi/5.4.1/armv6-m\libgcc.a(_udivsi3.o)
 .debug_frame   0x000003e8       0x68 c:/data/dev/lpcxpresso_8.2.2_650/lpcxpresso/tools/bin/../lib/gcc/arm-none-eabi/5.4.1/../../../../arm-none-eabi/lib/armv6-m\libc_nano.a(lib_a-fflush.o)
 .debug_frame   0x00000450      0x140 c:/data/dev/lpcxpresso_8.2.2_650/lpcxpresso/tools/bin/../lib/gcc/arm-none-eabi/5.4.1/../../../../arm-none-eabi/lib/armv6-m\libc_nano.a(lib_a-findfp.o)
 .debug_frame   0x00000590       0x58 c:/data/dev/lpcxpresso_8.2.2_650/lpcxpresso/tools/bin/../lib/gcc/arm-none-eabi/5.4.1/../../../../arm-none-eabi/lib/armv6-m\libc_nano.a(lib_a-fwalk.o)
 .debug_frame   0x000005e8       0x20 c:/data/dev/lpcxpresso_8.2.2_650/lpcxpresso/tools/bin/../lib/gcc/arm-none-eabi/5.4.1/../../../../arm-none-eabi/lib/armv6-m\libc_nano.a(lib_a-memset.o)
 .debug_frame   0x00000608       0x2c c:/data/dev/lpcxpresso_8.2.2_650/lpcxpresso/tools/bin/../lib/gcc/arm-none-eabi/5.4.1/../../../../arm-none-eabi/lib/armv6-m\libc_nano.a(lib_a-nano-freer.o)
 .debug_frame   0x00000634       0x2c c:/data/dev/lpcxpresso_8.2.2_650/lpcxpresso/tools/bin/../lib/gcc/arm-none-eabi/5.4.1/../../../../arm-none-eabi/lib/armv6-m\libc_nano.a(lib_a-nano-mallocr.o)
 .debug_frame   0x00000660       0x50 c:/data/dev/lpcxpresso_8.2.2_650/lpcxpresso/tools/bin/../lib/gcc/arm-none-eabi/5.4.1/../../../../arm-none-eabi/lib/armv6-m\libc_nano.a(lib_a-printf.o)
 .debug_frame   0x000006b0       0x2c c:/data/dev/lpcxpresso_8.2.2_650/lpcxpresso/tools/bin/../lib/gcc/arm-none-eabi/5.4.1/../../../../arm-none-eabi/lib/armv6-m\libc_nano.a(lib_a-sbrkr.o)
 .debug_frame   0x000006dc       0x50 c:/data/dev/lpcxpresso_8.2.2_650/lpcxpresso/tools/bin/../lib/gcc/arm-none-eabi/5.4.1/../../../../arm-none-eabi/lib/armv6-m\libc_nano.a(lib_a-scanf.o)
 .debug_frame   0x0000072c       0x90 c:/data/dev/lpcxpresso_8.2.2_650/lpcxpresso/tools/bin/../lib/gcc/arm-none-eabi/5.4.1/../../../../arm-none-eabi/lib/armv6-m\libc_nano.a(lib_a-stdio.o)
 .debug_frame   0x000007bc       0x2c c:/data/dev/lpcxpresso_8.2.2_650/lpcxpresso/tools/bin/../lib/gcc/arm-none-eabi/5.4.1/../../../../arm-none-eabi/lib/armv6-m\libc_nano.a(lib_a-writer.o)
 .debug_frame   0x000007e8       0x2c c:/data/dev/lpcxpresso_8.2.2_650/lpcxpresso/tools/bin/../lib/gcc/arm-none-eabi/5.4.1/../../../../arm-none-eabi/lib/armv6-m\libc_nano.a(lib_a-closer.o)
 .debug_frame   0x00000814       0x2c c:/data/dev/lpcxpresso_8.2.2_650/lpcxpresso/tools/bin/../lib/gcc/arm-none-eabi/5.4.1/../../../../arm-none-eabi/lib/armv6-m\libc_nano.a(lib_a-lseekr.o)
 .debug_frame   0x00000840       0x30 c:/data/dev/lpcxpresso_8.2.2_650/lpcxpresso/tools/bin/../lib/gcc/arm-none-eabi/5.4.1/../../../../arm-none-eabi/lib/armv6-m\libc_nano.a(lib_a-mlock.o)
 .debug_frame   0x00000870       0x9c c:/data/dev/lpcxpresso_8.2.2_650/lpcxpresso/tools/bin/../lib/gcc/arm-none-eabi/5.4.1/../../../../arm-none-eabi/lib/armv6-m\libc_nano.a(lib_a-nano-vfprintf.o)
 .debug_frame   0x0000090c       0x54 c:/data/dev/lpcxpresso_8.2.2_650/lpcxpresso/tools/bin/../lib/gcc/arm-none-eabi/5.4.1/../../../../arm-none-eabi/lib/armv6-m\libc_nano.a(lib_a-nano-vfprintf_i.o)
 .debug_frame   0x00000960       0x90 c:/data/dev/lpcxpresso_8.2.2_650/lpcxpresso/tools/bin/../lib/gcc/arm-none-eabi/5.4.1/../../../../arm-none-eabi/lib/armv6-m\libc_nano.a(lib_a-nano-vfscanf.o)
 .debug_frame   0x000009f0       0x54 c:/data/dev/lpcxpresso_8.2.2_650/lpcxpresso/tools/bin/../lib/gcc/arm-none-eabi/5.4.1/../../../../arm-none-eabi/lib/armv6-m\libc_nano.a(lib_a-nano-vfscanf_i.o)
 .debug_frame   0x00000a44       0x2c c:/data/dev/lpcxpresso_8.2.2_650/lpcxpresso/tools/bin/../lib/gcc/arm-none-eabi/5.4.1/../../../../arm-none-eabi/lib/armv6-m\libc_nano.a(lib_a-readr.o)
 .debug_frame   0x00000a70       0x48 c:/data/dev/lpcxpresso_8.2.2_650/lpcxpresso/tools/bin/../lib/gcc/arm-none-eabi/5.4.1/../../../../arm-none-eabi/lib/armv6-m\libc_nano.a(lib_a-reent.o)
 .debug_frame   0x00000ab8       0x48 c:/data/dev/lpcxpresso_8.2.2_650/lpcxpresso/tools/bin/../lib/gcc/arm-none-eabi/5.4.1/../../../../arm-none-eabi/lib/armv6-m\libc_nano.a(lib_a-refill.o)
 .debug_frame   0x00000b00       0x2c c:/data/dev/lpcxpresso_8.2.2_650/lpcxpresso/tools/bin/../lib/gcc/arm-none-eabi/5.4.1/../../../../arm-none-eabi/lib/armv6-m\libc_nano.a(lib_a-sccl.o)
 .debug_frame   0x00000b2c       0x48 c:/data/dev/lpcxpresso_8.2.2_650/lpcxpresso/tools/bin/../lib/gcc/arm-none-eabi/5.4.1/../../../../arm-none-eabi/lib/armv6-m\libc_nano.a(lib_a-strtol.o)
 .debug_frame   0x00000b74       0x48 c:/data/dev/lpcxpresso_8.2.2_650/lpcxpresso/tools/bin/../lib/gcc/arm-none-eabi/5.4.1/../../../../arm-none-eabi/lib/armv6-m\libc_nano.a(lib_a-strtoul.o)
 .debug_frame   0x00000bbc       0x6c c:/data/dev/lpcxpresso_8.2.2_650/lpcxpresso/tools/bin/../lib/gcc/arm-none-eabi/5.4.1/../../../../arm-none-eabi/lib/armv6-m\libc_nano.a(lib_a-ungetc.o)
 .debug_frame   0x00000c28       0x48 c:/data/dev/lpcxpresso_8.2.2_650/lpcxpresso/tools/bin/../lib/gcc/arm-none-eabi/5.4.1/../../../../arm-none-eabi/lib/armv6-m\libc_nano.a(lib_a-wbuf.o)
 .debug_frame   0x00000c70       0x2c c:/data/dev/lpcxpresso_8.2.2_650/lpcxpresso/tools/bin/../lib/gcc/arm-none-eabi/5.4.1/../../../../arm-none-eabi/lib/armv6-m\libc_nano.a(lib_a-wsetup.o)
 .debug_frame   0x00000c9c       0x54 c:/data/dev/lpcxpresso_8.2.2_650/lpcxpresso/tools/bin/../lib/gcc/arm-none-eabi/5.4.1/../../../../arm-none-eabi/lib/armv6-m\libc_nano.a(lib_a-makebuf.o)
 .debug_frame   0x00000cf0       0x20 c:/data/dev/lpcxpresso_8.2.2_650/lpcxpresso/tools/bin/../lib/gcc/arm-none-eabi/5.4.1/../../../../arm-none-eabi/lib/armv6-m\libc_nano.a(lib_a-memchr-stub.o)
 .debug_frame   0x00000d10       0x28 c:/data/dev/lpcxpresso_8.2.2_650/lpcxpresso/tools/bin/../lib/gcc/arm-none-eabi/5.4.1/../../../../arm-none-eabi/lib/armv6-m\libc_nano.a(lib_a-memcpy-stub.o)
 .debug_frame   0x00000d38       0x30 c:/data/dev/lpcxpresso_8.2.2_650/lpcxpresso/tools/bin/../lib/gcc/arm-none-eabi/5.4.1/../../../../arm-none-eabi/lib/armv6-m\libc_nano.a(lib_a-nano-reallocr.o)
 .debug_frame   0x00000d68       0x2c c:/data/dev/lpcxpresso_8.2.2_650/lpcxpresso/tools/bin/../lib/gcc/arm-none-eabi/5.4.1/../../../../arm-none-eabi/lib/armv6-m\libc_nano.a(lib_a-fstatr.o)
 .debug_frame   0x00000d94       0x2c c:/data/dev/lpcxpresso_8.2.2_650/lpcxpresso/tools/bin/../lib/gcc/arm-none-eabi/5.4.1/../../../../arm-none-eabi/lib/armv6-m\libc_nano.a(lib_a-isattyr.o)
 .debug_frame   0x00000dc0       0x20 c:/data/dev/lpcxpresso_8.2.2_650/lpcxpresso/tools/bin/../lib/gcc/arm-none-eabi/5.4.1/../../../../arm-none-eabi/lib/armv6-m\libc_nano.a(lib_a-nano-msizer.o)
 .debug_frame   0x00000de0       0x2c c:/data/dev/lpcxpresso_8.2.2_650/lpcxpresso/tools/bin/../lib/gcc/arm-none-eabi/5.4.1/../../../../arm-none-eabi/lib/armv6-m\libcr_newlib_nohost.a(_cr_sbrk.o)
 .debug_frame   0x00000e0c       0x20 c:/data/dev/lpcxpresso_8.2.2_650/lpcxpresso/tools/bin/../lib/gcc/arm-none-eabi/5.4.1/../../../../arm-none-eabi/lib/armv6-m\libcr_newlib_nohost.a(close.o)
 .debug_frame   0x00000e2c       0x20 c:/data/dev/lpcxpresso_8.2.2_650/lpcxpresso/tools/bin/../lib/gcc/arm-none-eabi/5.4.1/../../../../arm-none-eabi/lib/armv6-m\libcr_newlib_nohost.a(fstat.o)
 .debug_frame   0x00000e4c       0x20 c:/data/dev/lpcxpresso_8.2.2_650/lpcxpresso/tools/bin/../lib/gcc/arm-none-eabi/5.4.1/../../../../arm-none-eabi/lib/armv6-m\libcr_newlib_nohost.a(isatty.o)
 .debug_frame   0x00000e6c       0x20 c:/data/dev/lpcxpresso_8.2.2_650/lpcxpresso/tools/bin/../lib/gcc/arm-none-eabi/5.4.1/../../../../arm-none-eabi/lib/armv6-m\libcr_newlib_nohost.a(lseek.o)
 .debug_frame   0x00000e8c       0x20 c:/data/dev/lpcxpresso_8.2.2_650/lpcxpresso/tools/bin/../lib/gcc/arm-none-eabi/5.4.1/../../../../arm-none-eabi/lib/armv6-m\libcr_newlib_nohost.a(_cr_check_heap.o)
 .debug_frame   0x00000eac       0x20 c:/data/dev/lpcxpresso_8.2.2_650/lpcxpresso/tools/bin/../lib/gcc/arm-none-eabi/5.4.1/../../../../arm-none-eabi/lib/armv6-m\libc_nano.a(lib_a-errno.o)

.debug_loc      0x00000000      0x1a4
 .debug_loc     0x00000000       0x84 C:\Users\andreas\Documents\LPCXpresso_8.2.2_650\workspace\CMSIS_CORE_LPC11xx\Debug\libCMSIS_CORE_LPC11xx.a(system_LPC11xx.o)
 .debug_loc     0x00000084       0x5d c:/data/dev/lpcxpresso_8.2.2_650/lpcxpresso/tools/bin/../lib/gcc/arm-none-eabi/5.4.1/../../../../arm-none-eabi/lib/armv6-m\libcr_newlib_nohost.a(_cr_sbrk.o)
 .debug_loc     0x000000e1       0x21 c:/data/dev/lpcxpresso_8.2.2_650/lpcxpresso/tools/bin/../lib/gcc/arm-none-eabi/5.4.1/../../../../arm-none-eabi/lib/armv6-m\libcr_newlib_nohost.a(close.o)
 .debug_loc     0x00000102       0x21 c:/data/dev/lpcxpresso_8.2.2_650/lpcxpresso/tools/bin/../lib/gcc/arm-none-eabi/5.4.1/../../../../arm-none-eabi/lib/armv6-m\libcr_newlib_nohost.a(fstat.o)
 .debug_loc     0x00000123       0x21 c:/data/dev/lpcxpresso_8.2.2_650/lpcxpresso/tools/bin/../lib/gcc/arm-none-eabi/5.4.1/../../../../arm-none-eabi/lib/armv6-m\libcr_newlib_nohost.a(isatty.o)
 .debug_loc     0x00000144       0x42 c:/data/dev/lpcxpresso_8.2.2_650/lpcxpresso/tools/bin/../lib/gcc/arm-none-eabi/5.4.1/../../../../arm-none-eabi/lib/armv6-m\libcr_newlib_nohost.a(lseek.o)
 .debug_loc     0x00000186       0x1e c:/data/dev/lpcxpresso_8.2.2_650/lpcxpresso/tools/bin/../lib/gcc/arm-none-eabi/5.4.1/../../../../arm-none-eabi/lib/armv6-m\libcr_newlib_nohost.a(_cr_check_heap.o)
